../Core/Src/main.c:92:6:HAL_TIM_PeriodElapsedCallback	16	static
../Core/Src/main.c:98:6:TIM10_reinit	8	static
../Core/Src/main.c:106:10:get_tim10_us	16	static,ignoring_inline_asm
../Core/Src/main.c:116:6:udelay_TIM10	24	static
../Core/Src/main.c:121:6:HAL_GPIO_EXTI_Callback	16	static
../Core/Src/main.c:159:15:trig_sensor	16	static
../Core/Src/main.c:156:5:main	584	static
../Core/Src/main.c:257:6:SystemClock_Config	88	static
../Core/Src/main.c:303:13:MX_I2C1_Init	8	static
../Core/Src/main.c:337:13:MX_SPI1_Init	8	static
../Core/Src/main.c:375:13:MX_SPI2_Init	8	static
../Core/Src/main.c:413:13:MX_TIM10_Init	8	static
../Core/Src/main.c:444:13:MX_GPIO_Init	56	static
../Core/Src/main.c:575:6:Error_Handler	4	static,ignoring_inline_asm
