../Core/Src/main.c:107:6:HAL_TIM_PeriodElapsedCallback	16	static
../Core/Src/main.c:113:6:TIM10_reinit	8	static
../Core/Src/main.c:121:10:get_tim10_us	16	static,ignoring_inline_asm
../Core/Src/main.c:131:6:udelay_TIM10	24	static
../Core/Src/main.c:136:6:HAL_GPIO_EXTI_Callback	16	static
../Core/Src/main.c:191:15:trig_sensor	16	static
../Core/Src/main.c:188:5:main	584	static
../Core/Src/main.c:197:19:get_distance	16	static
../Core/Src/main.c:212:16:get_unit_str	16	static
../Core/Src/main.c:325:6:SystemClock_Config	88	static
../Core/Src/main.c:371:13:MX_I2C1_Init	8	static
../Core/Src/main.c:405:13:MX_SPI1_Init	8	static
../Core/Src/main.c:443:13:MX_SPI2_Init	8	static
../Core/Src/main.c:481:13:MX_TIM10_Init	8	static
../Core/Src/main.c:512:13:MX_GPIO_Init	56	static
../Core/Src/main.c:646:6:Error_Handler	4	static,ignoring_inline_asm
